// Jest Snapshot v1, https://goo.gl/fbAQLP

exports[`App Component renders correctly 1`] = `
<div>
  <h1>
    This is my new React App
  </h1>
</div>
`;
